'32.768KHZ_3225_32.768KHZ' '32768khz_3225_32768khz.txt';
'R1005_0_R0603_2.7K/1%' 'r1005_0_r0603_27k1.txt';
'RES_5_R0603_DISCRETE_4.7K' 'res_5_r0603_discrete_47k__1.txt';
'POWER JACK_3_JACK-2_5MM_B_POWER' 'powerjack_3_jack-2_5mm_b_power.txt';
'SW DIP-7_0_CHS-08B_CHS-08B' 'swdip-7_0_chs-08b_chs-08b.txt';
'RES_R0603_DISCRETE_10K_5%' 'res_r0603_discrete_10k_5.txt';
'RES_5_R0603_DISCRETE_2.2K' 'res_5_r0603_discrete_22k.txt';
'RES_5_R0603_DISCRETE_3.4K' 'res_5_r0603_discrete_34k.txt';
'RES_5_R0603_DISCRETE_4.3K' 'res_5_r0603_discrete_43k.txt';
'RES_5_R0603_DISCRETE_6.8K' 'res_5_r0603_discrete_68k.txt';
'CONN_HDR_2X1_CON_2PIN_IO_HDR 1X' 'conn_hdr_2x1_con_2pin_io_hdr1x.txt';
'2X15P_2.0MM_DIP_DIP-2X15-2P0_DI' '2x15p_20mm_dip_dip-2x15-2p0_di.txt';
'RES_4_R0603_DISCRETE_40.2K' 'res_4_r0603_discrete_402k.txt';
'CT2012_0_EC6P3_100UF/16V' 'ct2012_0_ec6p3_100uf16v.txt';
'CT2012_0_EC6P3_100UF/25V' 'ct2012_0_ec6p3_100uf25v.txt';
'RES_5_R0603_DISCRETE_51.1K' 'res_5_r0603_discrete_511k.txt';
'CT2012_0_EC6P3_220UF/16V' 'ct2012_0_ec6p3_220uf16v.txt';
'RES_5_R0603_DISCRETE_44.2K' 'res_5_r0603_discrete_442k.txt';
'BEAD_L0603_DISCRETE_330@100MHZ_' 'bead_l0603_discrete_330100mhz_.txt';
'BEAD_L0603_DISCRETE_470@100MHZ_' 'bead_l0603_discrete_470100mhz_.txt';
'IND_L4018_DISCRETE_1UH_30%' 'ind_l4018_discrete_1uh_30.txt';
'RES_5_R0603_DISCRETE_6.49K' 'res_5_r0603_discrete_649k.txt';
'RES_5_R0603_DISCRETE_7.68K' 'res_5_r0603_discrete_768k.txt';
'DIODE BI-DIR TRIG_SOD323_PESD3V' 'diodebi-dirtrig_sod323_pesd3v.txt';
'MP2482DN_2_SOIC8E_E=GND_MP2482D' 'mp2482dn_2_soic8e_egnd_mp2482d.txt';
'TJA1057GT3_8P_SOP8_IC_TJA1042T/' 'tja1057gt3_8p_sop8_ic_tja1042t.txt';
'RES_5_R0603_DISCRETE_1K_5%' 'res_5_r0603_discrete_1k_5.txt';
'CAP_NP_C0603_DISCRETE_2.2UF' 'cap_np_c0603_discrete_22uf__1.txt';
'ZDIODE_0_DO214_IC_SMAJ5.0CA' 'zdiode_0_do214_ic_smaj50ca.txt';
'CAP_NP_C0603_DISCRETE_2.2NF' 'cap_np_c0603_discrete_22nf.txt';
'RES_5_R0603_DISCRETE_NC/10K' 'res_5_r0603_discrete_nc10k.txt';
'FE1.1S_SSOP-28_FE1.1S' 'fe11s_ssop-28_fe11s.txt';
'CAP_NP_C0603_DISCRETE_0.1UF' 'cap_np_c0603_discrete_01uf.txt';
'CAP_NP_C0603_DISCRETE_4.7UF' 'cap_np_c0603_discrete_47uf.txt';
'PIEZO BUZZER_0_BUZZER_BUZZER' 'piezobuzzer_0_buzzer_buzzer.txt';
'SPACER_0_T4R2-6R2_BOTSMT_IC_3.0' 'spacer_0_t4r2-6r2_botsmt_ic_30.txt';
'SPACER_0_T3R2-5R2_TOPSMT_IC_2.0' 'spacer_0_t3r2-5r2_topsmt_ic_20.txt';
'SPACER_0_T4R2-6R2_TOPSMT_IC_3.0' 'spacer_0_t4r2-6r2_topsmt_ic_30.txt';
'CAP_NP_C0603_DISCRETE_0.22UF' 'cap_np_c0603_discrete_022uf.txt';
'6PIN-2_0.0-D-H_PH-1X6-2P0_PH-1X' '6pin-2_00-d-h_ph-1x6-2p0_ph-1x.txt';
'RES ADJ_0_RM065-V1_1K' 'resadj_0_rm065-v1_1k.txt';
