'POWER JACK_3_JACK-2_5MM_B_POWER' 'powerjack_3_jack-2_5mm_b_power.txt';
'RES_5_R0603_DISCRETE_44.2K' 'res_5_r0603_discrete_442k.txt';
'IND_L4018_DISCRETE_1UH_30%' 'ind_l4018_discrete_1uh_30.txt';
'RES_5_R0603_DISCRETE_6.49K' 'res_5_r0603_discrete_649k.txt';
'CAP_NP_C0603_DISCRETE_0.01UF' 'cap_np_c0603_discrete_001uf.txt';
'CAP_NP_C0603_DISCRETE_0.22UF' 'cap_np_c0603_discrete_022uf.txt';
'BEAD_L0603_DISCRETE_330@100MHZ_' 'bead_l0603_discrete_330100mhz_.txt';
'SPACER_0_T4R2-6R2_BOTSMT_IC_3.0' 'spacer_0_t4r2-6r2_botsmt_ic_30.txt';
'BEAD_L0603_DISCRETE_470@100MHZ_' 'bead_l0603_discrete_470100mhz_.txt';
'RES_5_R0603_DISCRETE_1K_5%' 'res_5_r0603_discrete_1k_5.txt';
'USB CONN., FEM, TYPE A , TH, RA' 'usbconnfemtypeathra.txt';
'SW DIP-7_0_CHS-08B_CHS-08B' 'swdip-7_0_chs-08b_chs-08b.txt';
'DIODE BI-DIR TRIG_SOD323_PESD3V' 'diodebi-dirtrig_sod323_pesd3v.txt';
'4 HEADER_XH2P54-4P_4 HEADER' '4header_xh2p54-4p_4header.txt';
'RES_R0603_DISCRETE_10K_5%' 'res_r0603_discrete_10k_5.txt';
'ZDIODE_0_DO214_IC_SMAJ5.0CA' 'zdiode_0_do214_ic_smaj50ca.txt';
'RES_5_R0603_DISCRETE_3.3K' 'res_5_r0603_discrete_33k.txt';
'RES_5_R0603_DISCRETE_3.4K' 'res_5_r0603_discrete_34k.txt';
'RES_5_R0603_DISCRETE_4.7K' 'res_5_r0603_discrete_47k.txt';
'CAP_NP_C0603_DISCRETE_0.1UF' 'cap_np_c0603_discrete_01uf.txt';
'CT2012_0_EC6P3_100UF/25V' 'ct2012_0_ec6p3_100uf25v.txt';
